running egg_info
creating ../../build/pi5car_driver/pi5car_driver.egg-info
writing ../../build/pi5car_driver/pi5car_driver.egg-info/PKG-INFO
writing dependency_links to ../../build/pi5car_driver/pi5car_driver.egg-info/dependency_links.txt
writing entry points to ../../build/pi5car_driver/pi5car_driver.egg-info/entry_points.txt
writing requirements to ../../build/pi5car_driver/pi5car_driver.egg-info/requires.txt
writing top-level names to ../../build/pi5car_driver/pi5car_driver.egg-info/top_level.txt
writing manifest file '../../build/pi5car_driver/pi5car_driver.egg-info/SOURCES.txt'
reading manifest file '../../build/pi5car_driver/pi5car_driver.egg-info/SOURCES.txt'
writing manifest file '../../build/pi5car_driver/pi5car_driver.egg-info/SOURCES.txt'
running build
running build_py
creating /ros2_ws/build/pi5car_driver/build
creating /ros2_ws/build/pi5car_driver/build/lib
creating /ros2_ws/build/pi5car_driver/build/lib/pi5car_driver
copying pi5car_driver/__init__.py -> /ros2_ws/build/pi5car_driver/build/lib/pi5car_driver
copying pi5car_driver/motor_node.py -> /ros2_ws/build/pi5car_driver/build/lib/pi5car_driver
running install
running install_lib
creating /ros2_ws/install/pi5car_driver/lib/python3.10/site-packages/pi5car_driver
copying /ros2_ws/build/pi5car_driver/build/lib/pi5car_driver/__init__.py -> /ros2_ws/install/pi5car_driver/lib/python3.10/site-packages/pi5car_driver
copying /ros2_ws/build/pi5car_driver/build/lib/pi5car_driver/motor_node.py -> /ros2_ws/install/pi5car_driver/lib/python3.10/site-packages/pi5car_driver
byte-compiling /ros2_ws/install/pi5car_driver/lib/python3.10/site-packages/pi5car_driver/__init__.py to __init__.cpython-310.pyc
byte-compiling /ros2_ws/install/pi5car_driver/lib/python3.10/site-packages/pi5car_driver/motor_node.py to motor_node.cpython-310.pyc
running install_egg_info
Copying ../../build/pi5car_driver/pi5car_driver.egg-info to /ros2_ws/install/pi5car_driver/lib/python3.10/site-packages/pi5car_driver-0.0.1-py3.10.egg-info
running install_scripts
Installing motor_node script to /ros2_ws/install/pi5car_driver/bin
writing list of installed files to '/ros2_ws/build/pi5car_driver/install.log'
