[0.546s] Invoking command in '/ros2_ws/src/pi5car_driver': PYTHONPATH=/ros2_ws/build/pi5car_driver/prefix_override:/usr/lib/python3/dist-packages/colcon_core/task/python/colcon_distutils_commands:/ros2_ws/install/pi5car_driver/lib/python3.10/site-packages:${PYTHONPATH} /usr/bin/python3 -W ignore:setup.py install is deprecated -W ignore:easy_install command is deprecated setup.py egg_info --egg-base ../../build/pi5car_driver build --build-base /ros2_ws/build/pi5car_driver/build install --record /ros2_ws/build/pi5car_driver/install.log --single-version-externally-managed
[0.738s] running egg_info
[0.739s] creating ../../build/pi5car_driver/pi5car_driver.egg-info
[0.739s] writing ../../build/pi5car_driver/pi5car_driver.egg-info/PKG-INFO
[0.739s] writing dependency_links to ../../build/pi5car_driver/pi5car_driver.egg-info/dependency_links.txt
[0.739s] writing entry points to ../../build/pi5car_driver/pi5car_driver.egg-info/entry_points.txt
[0.739s] writing requirements to ../../build/pi5car_driver/pi5car_driver.egg-info/requires.txt
[0.739s] writing top-level names to ../../build/pi5car_driver/pi5car_driver.egg-info/top_level.txt
[0.740s] writing manifest file '../../build/pi5car_driver/pi5car_driver.egg-info/SOURCES.txt'
[0.741s] reading manifest file '../../build/pi5car_driver/pi5car_driver.egg-info/SOURCES.txt'
[0.742s] writing manifest file '../../build/pi5car_driver/pi5car_driver.egg-info/SOURCES.txt'
[0.742s] running build
[0.742s] running build_py
[0.742s] creating /ros2_ws/build/pi5car_driver/build
[0.742s] creating /ros2_ws/build/pi5car_driver/build/lib
[0.742s] creating /ros2_ws/build/pi5car_driver/build/lib/pi5car_driver
[0.743s] copying pi5car_driver/__init__.py -> /ros2_ws/build/pi5car_driver/build/lib/pi5car_driver
[0.743s] copying pi5car_driver/motor_node.py -> /ros2_ws/build/pi5car_driver/build/lib/pi5car_driver
[0.743s] running install
[0.743s] running install_lib
[0.744s] creating /ros2_ws/install/pi5car_driver/lib/python3.10/site-packages/pi5car_driver
[0.744s] copying /ros2_ws/build/pi5car_driver/build/lib/pi5car_driver/__init__.py -> /ros2_ws/install/pi5car_driver/lib/python3.10/site-packages/pi5car_driver
[0.744s] copying /ros2_ws/build/pi5car_driver/build/lib/pi5car_driver/motor_node.py -> /ros2_ws/install/pi5car_driver/lib/python3.10/site-packages/pi5car_driver
[0.745s] byte-compiling /ros2_ws/install/pi5car_driver/lib/python3.10/site-packages/pi5car_driver/__init__.py to __init__.cpython-310.pyc
[0.745s] byte-compiling /ros2_ws/install/pi5car_driver/lib/python3.10/site-packages/pi5car_driver/motor_node.py to motor_node.cpython-310.pyc
[0.746s] running install_egg_info
[0.748s] Copying ../../build/pi5car_driver/pi5car_driver.egg-info to /ros2_ws/install/pi5car_driver/lib/python3.10/site-packages/pi5car_driver-0.0.1-py3.10.egg-info
[0.748s] running install_scripts
[0.773s] Installing motor_node script to /ros2_ws/install/pi5car_driver/bin
[0.773s] writing list of installed files to '/ros2_ws/build/pi5car_driver/install.log'
[0.821s] Invoked command in '/ros2_ws/src/pi5car_driver' returned '0': PYTHONPATH=/ros2_ws/build/pi5car_driver/prefix_override:/usr/lib/python3/dist-packages/colcon_core/task/python/colcon_distutils_commands:/ros2_ws/install/pi5car_driver/lib/python3.10/site-packages:${PYTHONPATH} /usr/bin/python3 -W ignore:setup.py install is deprecated -W ignore:easy_install command is deprecated setup.py egg_info --egg-base ../../build/pi5car_driver build --build-base /ros2_ws/build/pi5car_driver/build install --record /ros2_ws/build/pi5car_driver/install.log --single-version-externally-managed
